[discoveraveiro.pt/index.html]
[backblue.gif]
[fade.gif]
[index.html]
[discoveraveiro.pt/wp-content/uploads/2025/08/cropped-logo-Discover-Aveiro-Turismo-Aluguer-de-bicicleta-passeio-de-barco-moliceiro_4_72ppi.png]
[discoveraveiro.pt/wp-json/oembed/1.0/embed5f7a.json]
[discoveraveiro.pt/comments/feed/index.html]
[discoveraveiro.pt/feed/index.html]
[discoveraveiro.pt/wp-json/oembed/1.0/embed293c]
[discoveraveiro.pt/wp-content/cache/autoptimize/autoptimize_single_d982b379b64c33cc5d046ceb060ff058673e.css]
[discoveraveiro.pt/wp-content/cache/autoptimize/autoptimize_single_4351d12276b131ab0512759b068e85e3994d.css]
[discoveraveiro.pt/wp-content/cache/autoptimize/autoptimize_single_856230f148eb2f699981fbaaddaf7866694e.css]
[discoveraveiro.pt/wp-content/cache/autoptimize/autoptimize_single_e8e287564197b119add3cbe929a6786ee8fe.css]
[discoveraveiro.pt/wp-content/cache/autoptimize/autoptimize_single_99c68e7b183cca7a76e401919c312b18e8fe.css]
[discoveraveiro.pt/wp-content/cache/autoptimize/autoptimize_single_7b7c5c9cd488ed79a4872a89a45db201e7f3.css]
[discoveraveiro.pt/wp-content/cache/autoptimize/autoptimize_single_64ac31699f5326cb3c76122498b76f669b2d.css]
[discoveraveiro.pt/wp-content/plugins/wp-ulike/assets/css/wp-ulike.min34b9.css]
[discoveraveiro.pt/wp-content/cache/autoptimize/autoptimize_single_48d56016b20f151be4f24ba6d0eb1be4b23e.css]
[discoveraveiro.pt/wp-content/cache/autoptimize/autoptimize_single_6c9d595ba21a415c6a772ed4dc568ae7e8fe.css]
[discoveraveiro.pt/wp-content/cache/autoptimize/autoptimize_single_f4cf7754c7be7350a8e980e010dc178b19c5.css]
[discoveraveiro.pt/wp-content/cache/autoptimize/autoptimize_single_e63b27dd942c0e9913adf8cea7b0563be8fe.css]
[discoveraveiro.pt/wp-content/cache/autoptimize/autoptimize_single_e46522c4829e7a9c81618d44e133756642d8.css]
[discoveraveiro.pt/wp-content/cache/autoptimize/autoptimize_single_b28e813851564c829395f05bb4ebe353e8fe.css]
[discoveraveiro.pt/wp-content/plugins/elementor/assets/css/frontend.min8ca5.css]
[discoveraveiro.pt/wp-content/cache/autoptimize/autoptimize_single_ae619582eba8d225aff4ae7b921c67ab00a4.css]
[discoveraveiro.pt/wp-content/cache/autoptimize/autoptimize_single_0408af4f76078c8a26747f710d2585ff52d9.css]
[discoveraveiro.pt/wp-content/plugins/elementor/assets/lib/eicons/css/elementor-icons.min2778.css]
[discoveraveiro.pt/wp-content/cache/autoptimize/autoptimize_single_6aa6f9ba2466b2487a611b6ecc3afcfab3f6.css]
[discoveraveiro.pt/wp-content/cache/autoptimize/autoptimize_single_bcac653a4c98073fc9711917f8157709c7fa.css]
[discoveraveiro.pt/wp-includes/js/mediaelement/mediaelementplayer-legacy.min1f61.css]
[discoveraveiro.pt/wp-includes/js/mediaelement/wp-mediaelement.mind4d0.css]
[discoveraveiro.pt/wp-content/plugins/elementor/assets/lib/font-awesome/css/all.min8ca5.css]
[discoveraveiro.pt/wp-content/plugins/elementor/assets/lib/font-awesome/css/v4-shims.min8ca5.css]
[discoveraveiro.pt/wp-content/plugins/elementor/assets/css/widget-heading.min8ca5.css]
[discoveraveiro.pt/wp-content/plugins/elementor/assets/css/widget-image.min8ca5.css]
[discoveraveiro.pt/wp-content/plugins/elementor/assets/css/widget-divider.min8ca5.css]
[discoveraveiro.pt/wp-content/cache/autoptimize/autoptimize_single_daf0adff2bca762cd9aab7459921e79b3c50.css]
[discoveraveiro.pt/wp-content/cache/autoptimize/autoptimize_single_e620a7150b48592499f0d0281553c8a9b906.css]
[discoveraveiro.pt/wp-content/cache/autoptimize/autoptimize_single_ca4ee7fff8ee6d7e1738aab37b75360fcc79.css]
[discoveraveiro.pt/wp-content/plugins/elementor/assets/lib/font-awesome/css/fontawesome.min52d5.css]
[discoveraveiro.pt/wp-content/plugins/elementor/assets/lib/font-awesome/css/regular.min52d5.css]
[discoveraveiro.pt/wp-includes/js/jquery/jquery.minf43b.js]
[discoveraveiro.pt/wp-includes/js/jquery/jquery-migrate.min5589.js]
[discoveraveiro.pt/wp-content/cache/autoptimize/autoptimize_single_4ce62d8207dae4259cb82c779adc78d5ed19.php]
[discoveraveiro.pt/wp-content/plugins/woocommerce/assets/js/js-cookie/js.cookie.mind0b4.js]
[discoveraveiro.pt/wp-content/plugins/woocommerce/assets/js/frontend/cart-fragments.minb23e.js]
[discoveraveiro.pt/wp-content/plugins/woocommerce/assets/js/jquery-blockui/jquery.blockUI.minfc51.js]
[discoveraveiro.pt/wp-content/plugins/woocommerce/assets/js/frontend/add-to-cart.minb23e.js]
[discoveraveiro.pt/wp-content/plugins/woocommerce/assets/js/frontend/woocommerce.minb23e.js]
[discoveraveiro.pt/wp-content/themes/phlox-pro/js/solo/modernizr-custom.mine8fe.js]
[discoveraveiro.pt/wp-content/plugins/elementor/assets/lib/font-awesome/js/v4-shims.min8ca5.js]
[discoveraveiro.pt/wp-json/wp/v2/pages/216.json]
[discoveraveiro.pt/wp-json/index.html]
[discoveraveiro.pt/xmlrpc0db0.php]
[discoveraveiro.pt/wp-content/plugins/woocommerce/assets/fonts/Inter-VariableFont_slnt,wght.woff2]
[discoveraveiro.pt/wp-content/uploads/2025/08/cropped-cropped-logo-Discover-Aveiro-Turismo-Aluguer-de-bicicleta-passeio-de-barco-moliceiro_4_72ppi-32x32.png]
[discoveraveiro.pt/wp-content/uploads/2025/08/cropped-cropped-logo-Discover-Aveiro-Turismo-Aluguer-de-bicicleta-passeio-de-barco-moliceiro_4_72ppi-192x192.png]
[discoveraveiro.pt/wp-content/uploads/2025/08/cropped-cropped-logo-Discover-Aveiro-Turismo-Aluguer-de-bicicleta-passeio-de-barco-moliceiro_4_72ppi-180x180.png]
[discoveraveiro.pt/wp-content/cache/autoptimize/autoptimize_single_3c68ad9b345b9b2f5fc71372d90cb3b98ce6.css]
[discoveraveiro.pt/wp-content/uploads/2025/08/imagem-inicial-banner-website-discover-aveiro-2-1024x1024.png]
[discoveraveiro.pt/wp-includes/js/imagesloaded.minbb93.js]
[discoveraveiro.pt/wp-includes/js/masonry.min3a05.js]
[discoveraveiro.pt/a-essencia-de-aveiro-em-todas-as-marcas/index.html]
[discoveraveiro.pt/wp-content/themes/phlox-pro/js/plugins.mine8fe.js]
[discoveraveiro.pt/wp-content/themes/phlox-pro/js/scripts.mine8fe.js]
[discoveraveiro.pt/wp-content/cache/autoptimize/autoptimize_single_b7ce792f0d03f8d9e4330abe54cbb741c7fa.php]
[discoveraveiro.pt/wp-includes/js/mediaelement/mediaelement-and-player.min1f61.js]
[discoveraveiro.pt/politica-privacidade/index.html]
[discoveraveiro.pt/wp-includes/js/mediaelement/mediaelement-migrate.mind4d0.js]
[discoveraveiro.pt/wp-includes/js/mediaelement/wp-mediaelement.mind4d0.js]
[discoveraveiro.pt/wp-content/plugins/auxin-elements/public/assets/js/plugins.minc7fa.js]
[discoveraveiro.pt/wp-content/cache/autoptimize/autoptimize_single_0c74d291dd1aa77e295ee1292a4f5c95c7fa.php]
[discoveraveiro.pt/wp-content/cache/autoptimize/autoptimize_single_084e86263abafed115cc6796aa16e7bc694e.php]
[discoveraveiro.pt/wp-content/cache/autoptimize/autoptimize_single_db9f5e038f7d56227f9e8a80885da8f042d8.php]
[discoveraveiro.pt/wp-content/plugins/elementor/assets/lib/jquery-numerator/jquery-numerator.min3958.js]
[discoveraveiro.pt/wp-content/cache/autoptimize/autoptimize_single_cd32e8f0a806740a38b6f4dae2dc35eded19.php]
[discoveraveiro.pt/wp-includes/js/jquery/ui/core.minb37e.js]
[discoveraveiro.pt/wp-includes/js/jquery/ui/controlgroup.minb37e.js]
[discoveraveiro.pt/wp-includes/js/jquery/ui/checkboxradio.minb37e.js]
[discoveraveiro.pt/wp-includes/js/jquery/ui/button.minb37e.js]
[discoveraveiro.pt/wp-includes/js/jquery/ui/spinner.minb37e.js]
[discoveraveiro.pt/wp-content/plugins/auxin-shop/public/assets/js/shop.mine7f3.js]
[discoveraveiro.pt/wp-includes/js/dist/hooks.minaf5f.js]
[discoveraveiro.pt/wp-includes/js/dist/i18n.min1cde.js]
[discoveraveiro.pt/wp-content/cache/autoptimize/autoptimize_single_96e7dc3f0e8559e4a3f3ca40b17ab9c39b2d.php]
[discoveraveiro.pt/wp-content/cache/autoptimize/autoptimize_single_2912c657d0592cc532dff73d0d2ce7bb9b2d.php]
[discoveraveiro.pt/wp-content/plugins/wp-ulike/assets/js/wp-ulike.min34b9.js]
[discoveraveiro.pt/wp-content/plugins/woocommerce/assets/js/sourcebuster/sourcebuster.minb23e.js]
[discoveraveiro.pt/wp-content/plugins/woocommerce/assets/js/frontend/order-attribution.minb23e.js]
[discoveraveiro.pt/wp-content/cache/autoptimize/autoptimize_single_7dbbd48efd1ce9c331a3644b059b1abb5bf8.php]
[discoveraveiro.pt/wp-content/cache/autoptimize/autoptimize_single_4079c2e34b0789552b1e31b81434125e98a9.php]
[discoveraveiro.pt/wp-content/plugins/elementor/assets/js/webpack.runtime.min8ca5.js]
[discoveraveiro.pt/wp-content/plugins/elementor/assets/js/frontend-modules.min8ca5.js]
[discoveraveiro.pt/wp-content/plugins/elementor/assets/js/frontend.min8ca5.js]
[discoveraveiro.pt/wp-content/plugins/wp-smushit/app/assets/js/smush-lazy-load.min1f75.js]
[discoveraveiro.pt/wp-includes/js/underscore.min3ab8.js]
[discoveraveiro.pt/wp-includes/js/wp-util.mind4d0.js]
[discoveraveiro.pt/wp-content/plugins/woocommerce/assets/js/frontend/add-to-cart-variation.minb23e.js]
[discoveraveiro.pt/wp-content/plugins/bdthemes-element-pack/assets/js/bdt-uikit.min673e.js]
[discoveraveiro.pt/wp-content/plugins/bdthemes-element-pack/assets/js/common/helper.min994d.js]
[discoveraveiro.pt/index.html]
[discoveraveiro.pt/wp-content/cache/autoptimize/autoptimize_single_d982b379b64c33cc5d046ceb060ff058673e.css]
[discoveraveiro.pt/wp-content/plugins/bdthemes-element-pack/assets/images/loading.svg]
[discoveraveiro.pt/wp-content/cache/autoptimize/autoptimize_single_4351d12276b131ab0512759b068e85e3994d.css]
[discoveraveiro.pt/wp-content/themes/phlox-pro/css/images/svg/spinner-dark.svg]
[discoveraveiro.pt/wp-content/cache/autoptimize/autoptimize_single_856230f148eb2f699981fbaaddaf7866694e.css]
[discoveraveiro.pt/wp-content/cache/autoptimize/autoptimize_single_e8e287564197b119add3cbe929a6786ee8fe.css]
[discoveraveiro.pt/wp-content/themes/phlox-pro/css/images/svg/symbols.svg]
[discoveraveiro.pt/wp-content/themes/phlox-pro/css/images/photoswipe/default-skin.png]
[discoveraveiro.pt/wp-content/themes/phlox-pro/css/images/controls/arrows/small-arrow-down.svg]
[discoveraveiro.pt/wp-content/themes/phlox-pro/css/images/svg/leftarrow.svg]
[discoveraveiro.pt/wp-content/cache/autoptimize/autoptimize_single_99c68e7b183cca7a76e401919c312b18e8fe.css]
[discoveraveiro.pt/wp-content/cache/autoptimize/autoptimize_single_7b7c5c9cd488ed79a4872a89a45db201e7f3.css]
[discoveraveiro.pt/wp-content/cache/autoptimize/autoptimize_single_64ac31699f5326cb3c76122498b76f669b2d.css]
[discoveraveiro.pt/wp-content/plugins/wp-ulike/assets/img/svg/loader.svg]
[discoveraveiro.pt/wp-content/plugins/wp-ulike/assets/img/svg/like.svg]
[discoveraveiro.pt/wp-content/plugins/wp-ulike/assets/img/svg/love.svg]
[discoveraveiro.pt/wp-content/plugins/wp-ulike/assets/img/icons/twitter-heart.png]
[discoveraveiro.pt/wp-content/plugins/wp-ulike/assets/img/svg/error.svg]
[discoveraveiro.pt/wp-content/plugins/wp-ulike/assets/img/svg/warning.svg]
[discoveraveiro.pt/wp-content/plugins/wp-ulike/assets/css/wp-ulike.min34b9.css]
[discoveraveiro.pt/wp-content/cache/autoptimize/autoptimize_single_48d56016b20f151be4f24ba6d0eb1be4b23e.css]
[discoveraveiro.pt/wp-content/cache/autoptimize/autoptimize_single_6c9d595ba21a415c6a772ed4dc568ae7e8fe.css]
[discoveraveiro.pt/wp-content/cache/autoptimize/autoptimize_single_f4cf7754c7be7350a8e980e010dc178b19c5.css]
[discoveraveiro.pt/wp-content/cache/autoptimize/autoptimize_single_e63b27dd942c0e9913adf8cea7b0563be8fe.css]
[discoveraveiro.pt/wp-content/cache/autoptimize/autoptimize_single_e46522c4829e7a9c81618d44e133756642d8.css]
[discoveraveiro.pt/wp-content/cache/autoptimize/autoptimize_single_b28e813851564c829395f05bb4ebe353e8fe.css]
[discoveraveiro.pt/wp-content/plugins/elementor/assets/css/frontend.min8ca5.css]
[discoveraveiro.pt/wp-content/cache/autoptimize/autoptimize_single_ae619582eba8d225aff4ae7b921c67ab00a4.css]
[discoveraveiro.pt/wp-content/cache/autoptimize/autoptimize_single_0408af4f76078c8a26747f710d2585ff52d9.css]
[discoveraveiro.pt/wp-content/plugins/elementor/assets/lib/eicons/fonts/eicons4518.eot]
[discoveraveiro.pt/wp-content/plugins/elementor/assets/lib/eicons/fonts/eicons4518.woff2]
[discoveraveiro.pt/wp-content/plugins/elementor/assets/lib/eicons/fonts/eicons4518.woff]
[discoveraveiro.pt/wp-content/plugins/elementor/assets/lib/eicons/fonts/eicons4518.ttf]
[discoveraveiro.pt/wp-content/plugins/elementor/assets/lib/eicons/css/elementor-icons.min2778.css]
[discoveraveiro.pt/wp-content/cache/autoptimize/autoptimize_single_6aa6f9ba2466b2487a611b6ecc3afcfab3f6.css]
[discoveraveiro.pt/wp-content/cache/autoptimize/autoptimize_single_bcac653a4c98073fc9711917f8157709c7fa.css]
[discoveraveiro.pt/wp-content/plugins/elementor/assets/lib/eicons/fonts/eicons4518.svg]
[discoveraveiro.pt/wp-includes/js/mediaelement/mejs-controls.svg]
[discoveraveiro.pt/wp-includes/js/mediaelement/mediaelementplayer-legacy.min1f61.css]
[discoveraveiro.pt/wp-includes/js/mediaelement/wp-mediaelement.mind4d0.css]
[discoveraveiro.pt/wp-content/plugins/elementor/assets/lib/font-awesome/webfonts/fa-brands-400.eot]
[discoveraveiro.pt/wp-content/plugins/elementor/assets/lib/font-awesome/webfonts/fa-brands-400d41d.eot]
[discoveraveiro.pt/wp-content/plugins/elementor/assets/lib/font-awesome/webfonts/fa-brands-400.woff2]
[discoveraveiro.pt/wp-content/plugins/elementor/assets/lib/font-awesome/webfonts/fa-brands-400.woff]
[discoveraveiro.pt/wp-content/plugins/elementor/assets/lib/font-awesome/webfonts/fa-brands-400.ttf]
[discoveraveiro.pt/wp-content/plugins/elementor/assets/lib/font-awesome/webfonts/fa-brands-400.svg]
[discoveraveiro.pt/wp-content/plugins/elementor/assets/lib/font-awesome/webfonts/fa-regular-400.eot]
[discoveraveiro.pt/wp-content/plugins/elementor/assets/lib/font-awesome/webfonts/fa-regular-400d41d.eot]
[discoveraveiro.pt/wp-content/plugins/elementor/assets/lib/font-awesome/webfonts/fa-regular-400.woff2]
[discoveraveiro.pt/wp-content/plugins/elementor/assets/lib/font-awesome/webfonts/fa-regular-400.woff]
[discoveraveiro.pt/wp-content/plugins/elementor/assets/lib/font-awesome/webfonts/fa-regular-400.ttf]
[discoveraveiro.pt/wp-content/plugins/elementor/assets/lib/font-awesome/webfonts/fa-regular-400.svg]
[discoveraveiro.pt/wp-content/plugins/elementor/assets/lib/font-awesome/webfonts/fa-solid-900.eot]
[discoveraveiro.pt/wp-content/plugins/elementor/assets/lib/font-awesome/webfonts/fa-solid-900d41d.eot]
[discoveraveiro.pt/wp-content/plugins/elementor/assets/lib/font-awesome/webfonts/fa-solid-900.woff2]
[discoveraveiro.pt/wp-content/plugins/elementor/assets/lib/font-awesome/webfonts/fa-solid-900.woff]
[discoveraveiro.pt/wp-content/plugins/elementor/assets/lib/font-awesome/webfonts/fa-solid-900.ttf]
[discoveraveiro.pt/wp-content/plugins/elementor/assets/lib/font-awesome/css/all.min8ca5.css]
[discoveraveiro.pt/wp-content/plugins/elementor/assets/lib/font-awesome/css/v4-shims.min8ca5.css]
[discoveraveiro.pt/wp-content/plugins/elementor/assets/css/widget-heading.min8ca5.css]
[discoveraveiro.pt/wp-content/plugins/elementor/assets/css/widget-image.min8ca5.css]
[discoveraveiro.pt/wp-content/plugins/elementor/assets/css/widget-divider.min8ca5.css]
[discoveraveiro.pt/wp-content/cache/autoptimize/autoptimize_single_daf0adff2bca762cd9aab7459921e79b3c50.css]
[discoveraveiro.pt/wp-content/plugins/elementor/assets/lib/font-awesome/webfonts/fa-solid-900.svg]
[discoveraveiro.pt/wp-content/uploads/elementor/google-fonts/fonts/roboto-kfo5cnqeu92fr1mu53zec9_vu3r1gihoszmkc3kawzu.woff2]
[discoveraveiro.pt/wp-content/cache/autoptimize/autoptimize_single_e620a7150b48592499f0d0281553c8a9b906.css]
[discoveraveiro.pt/wp-content/uploads/elementor/google-fonts/fonts/robotoslab-bngmuxzytxpivibgjjsb6ufa5qw54a.woff2]
[discoveraveiro.pt/wp-content/cache/autoptimize/autoptimize_single_ca4ee7fff8ee6d7e1738aab37b75360fcc79.css]
[discoveraveiro.pt/wp-content/plugins/elementor/assets/lib/font-awesome/css/fontawesome.min52d5.css]
[discoveraveiro.pt/wp-content/plugins/elementor/assets/lib/font-awesome/css/regular.min52d5.css]
[discoveraveiro.pt/wp-content/cache/autoptimize/autoptimize_single_3c68ad9b345b9b2f5fc71372d90cb3b98ce6.css]
[discoveraveiro.pt/wp-json/oembed/1.0/embed86be.json]
[discoveraveiro.pt/wp-json/oembed/1.0/embedb90a]
[discoveraveiro.pt/wp-content/plugins/elementor/assets/css/widget-video.min8ca5.css]
[discoveraveiro.pt/wp-content/cache/autoptimize/autoptimize_single_96e9b304808d43b159a8b85e55539b3e856e.css]
[discoveraveiro.pt/a-essencia-de-aveiro-em-todas-as-marcas/index.html]
[discoveraveiro.pt/wp-json/wp/v2/pages/65.json]
[discoveraveiro.pt/politica-privacidade/feed/index.html]
[discoveraveiro.pt/wp-json/oembed/1.0/embedcf4b.json]
[discoveraveiro.pt/wp-json/oembed/1.0/embed3dfd]
[discoveraveiro.pt/wp-includes/css/dist/block-library/A.style.min.css,qver=6.9.pagespeed.cf.Ey8Q_jRO3Z.css]
[discoveraveiro.pt/wp-json/wp/v2/pages/3.json]
[discoveraveiro.pt/politica-privacidade/index.html]
[discoveraveiro.pt/wp-content/plugins/bdthemes-element-pack/assets/images/loading.svg]
[discoveraveiro.pt/wp-content/themes/phlox-pro/css/images/svg/spinner-dark.svg]
[discoveraveiro.pt/wp-content/themes/phlox-pro/css/images/svg/symbols.svg]
[discoveraveiro.pt/wp-content/themes/phlox-pro/css/images/controls/arrows/small-arrow-down.svg]
[discoveraveiro.pt/wp-content/themes/phlox-pro/css/images/svg/leftarrow.svg]
[discoveraveiro.pt/wp-content/plugins/wp-ulike/assets/img/svg/loader.svg]
[discoveraveiro.pt/wp-content/plugins/wp-ulike/assets/img/svg/like.svg]
[discoveraveiro.pt/wp-content/plugins/wp-ulike/assets/img/svg/love.svg]
[discoveraveiro.pt/wp-content/plugins/wp-ulike/assets/img/icons/heart.png]
[discoveraveiro.pt/wp-content/plugins/wp-ulike/assets/img/svg/error.svg]
[discoveraveiro.pt/wp-content/plugins/wp-ulike/assets/img/svg/warning.svg]
[discoveraveiro.pt/wp-content/themes/phlox-pro/css/fonts/fontastic/auxicon/auxin-front.eot]
[discoveraveiro.pt/wp-content/plugins/elementor/assets/lib/eicons/fonts/eicons4518.svg]
[discoveraveiro.pt/wp-includes/js/mediaelement/mejs-controls.svg]
[discoveraveiro.pt/wp-content/plugins/elementor/assets/lib/font-awesome/webfonts/fa-brands-400.svg]
[discoveraveiro.pt/wp-content/plugins/elementor/assets/lib/font-awesome/webfonts/fa-regular-400.svg]
[discoveraveiro.pt/wp-content/plugins/wp-ulike/assets/img/svg/info.svg]
[discoveraveiro.pt/wp-content/plugins/wp-ulike/assets/img/svg/success.svg]
[discoveraveiro.pt/wp-content/plugins/elementor/assets/lib/font-awesome/webfonts/fa-solid-900.svg]
[discoveraveiro.pt/wp-content/plugins/elementor/assets/css/widget-video.min8ca5.css]
[discoveraveiro.pt/wp-content/cache/autoptimize/autoptimize_single_96e9b304808d43b159a8b85e55539b3e856e.css]
[discoveraveiro.pt/index7665.html]
[discoveraveiro.pt/wp-includes/css/dist/block-library/A.style.min.css,qver=6.9.pagespeed.cf.Ey8Q_jRO3Z.css]
[discoveraveiro.pt/index2207.html]
[discoveraveiro.pt/xmlrpc.php]
[discoveraveiro.pt/wp-content/plugins/wp-ulike/assets/img/svg/info.svg]
[discoveraveiro.pt/wp-content/plugins/wp-ulike/assets/img/svg/success.svg]
